// Jest Snapshot v1, https://goo.gl/fbAQLP

exports[`InputBox should render correctly 1`] = `
<input
  className="col-sm-6"
  id="password"
  name="password"
  placeholder="password"
  type="password"
/>
`;
